Archive member included to satisfy reference by file (symbol)

c:/altera_lite/16.0/nios2eds/bin/gnu/h-x86_64-mingw32/bin/../lib/gcc/nios2-elf/5.2.0/mno-hw-mul\libgcc.a(lib2-divmod.o)
                              obj/default/hello_world.o (__divsi3)
c:/altera_lite/16.0/nios2eds/bin/gnu/h-x86_64-mingw32/bin/../lib/gcc/nios2-elf/5.2.0/mno-hw-mul\libgcc.a(lib2-mul.o)
                              obj/default/hello_world.o (__mulsi3)
c:/altera_lite/16.0/nios2eds/bin/gnu/h-x86_64-mingw32/bin/../lib/gcc/nios2-elf/5.2.0/../../../../../H-x86_64-mingw32/nios2-elf/lib/mno-hw-mul\libsmallc.a(lib_a-memcpy.o)
                              obj/default/hello_world.o (memcpy)
c:/altera_lite/16.0/nios2eds/bin/gnu/h-x86_64-mingw32/bin/../lib/gcc/nios2-elf/5.2.0/../../../../../H-x86_64-mingw32/nios2-elf/lib/mno-hw-mul\libsmallc.a(lib_a-memset.o)
                              obj/default/hello_world.o (memset)
c:/altera_lite/16.0/nios2eds/bin/gnu/h-x86_64-mingw32/bin/../lib/gcc/nios2-elf/5.2.0/../../../../../H-x86_64-mingw32/nios2-elf/lib/mno-hw-mul\libsmallc.a(lib_a-strlen.o)
                              obj/default/hello_world.o (strlen)
../C_eng_job_bsp/\libhal_bsp.a(alt_load.o)
                              ../C_eng_job_bsp//obj/HAL/src/crt0.o (alt_load)
../C_eng_job_bsp/\libhal_bsp.a(alt_main.o)
                              ../C_eng_job_bsp//obj/HAL/src/crt0.o (alt_main)
../C_eng_job_bsp/\libhal_bsp.a(alt_sys_init.o)
                              ../C_eng_job_bsp/\libhal_bsp.a(alt_main.o) (alt_irq_init)
../C_eng_job_bsp/\libhal_bsp.a(altera_avalon_spi.o)
                              obj/default/hello_world.o (alt_avalon_spi_command)
../C_eng_job_bsp/\libhal_bsp.a(altera_modular_adc.o)
                              ../C_eng_job_bsp/\libhal_bsp.a(alt_sys_init.o) (altera_modular_adc_init)
../C_eng_job_bsp/\libhal_bsp.a(alt_dcache_flush_all.o)
                              ../C_eng_job_bsp/\libhal_bsp.a(alt_load.o) (alt_dcache_flush_all)
../C_eng_job_bsp/\libhal_bsp.a(alt_dev_llist_insert.o)
                              ../C_eng_job_bsp/\libhal_bsp.a(altera_modular_adc.o) (alt_dev_llist_insert)
../C_eng_job_bsp/\libhal_bsp.a(alt_errno.o)
                              ../C_eng_job_bsp/\libhal_bsp.a(alt_dev_llist_insert.o) (alt_errno)
../C_eng_job_bsp/\libhal_bsp.a(alt_find_dev.o)
                              ../C_eng_job_bsp/\libhal_bsp.a(altera_modular_adc.o) (alt_find_dev)
../C_eng_job_bsp/\libhal_bsp.a(alt_icache_flush_all.o)
                              ../C_eng_job_bsp/\libhal_bsp.a(alt_load.o) (alt_icache_flush_all)
../C_eng_job_bsp/\libhal_bsp.a(alt_iic.o)
                              ../C_eng_job_bsp/\libhal_bsp.a(altera_modular_adc.o) (alt_ic_isr_register)
../C_eng_job_bsp/\libhal_bsp.a(alt_iic_isr_register.o)
                              ../C_eng_job_bsp/\libhal_bsp.a(alt_iic.o) (alt_iic_isr_register)
../C_eng_job_bsp/\libhal_bsp.a(alt_irq_entry.o)
                              ../C_eng_job_bsp/\libhal_bsp.a(alt_iic_isr_register.o) (alt_irq_entry)
../C_eng_job_bsp/\libhal_bsp.a(alt_irq_handler.o)
                              ../C_eng_job_bsp/\libhal_bsp.a(alt_iic_isr_register.o) (alt_irq_handler)
../C_eng_job_bsp/\libhal_bsp.a(alt_irq_vars.o)
                              ../C_eng_job_bsp/\libhal_bsp.a(alt_iic.o) (alt_irq_active)
../C_eng_job_bsp/\libhal_bsp.a(altera_nios2_gen2_irq.o)
                              ../C_eng_job_bsp/\libhal_bsp.a(alt_sys_init.o) (altera_nios2_gen2_irq_init)
../C_eng_job_bsp/\libhal_bsp.a(alt_exception_entry.o)
                              ../C_eng_job_bsp/\libhal_bsp.a(alt_irq_entry.o) (alt_exception)
../C_eng_job_bsp/\libhal_bsp.a(alt_instruction_exception_entry.o)
                              ../C_eng_job_bsp/\libhal_bsp.a(alt_exception_entry.o) (alt_instruction_exception_entry)
c:/altera_lite/16.0/nios2eds/bin/gnu/h-x86_64-mingw32/bin/../lib/gcc/nios2-elf/5.2.0/../../../../../H-x86_64-mingw32/nios2-elf/lib/mno-hw-mul\libsmallc.a(lib_a-int_errno.o)
                              ../C_eng_job_bsp/\libhal_bsp.a(alt_dev_llist_insert.o) (errno)
c:/altera_lite/16.0/nios2eds/bin/gnu/h-x86_64-mingw32/bin/../lib/gcc/nios2-elf/5.2.0/../../../../../H-x86_64-mingw32/nios2-elf/lib/mno-hw-mul\libsmallc.a(lib_a-memcmp.o)
                              ../C_eng_job_bsp/\libhal_bsp.a(alt_find_dev.o) (memcmp)

Allocating common symbols
Common symbol       size              file

alt_irq             0x100             ../C_eng_job_bsp/\libhal_bsp.a(alt_irq_handler.o)
errno               0x4               c:/altera_lite/16.0/nios2eds/bin/gnu/h-x86_64-mingw32/bin/../lib/gcc/nios2-elf/5.2.0/../../../../../H-x86_64-mingw32/nios2-elf/lib/mno-hw-mul\libsmallc.a(lib_a-int_errno.o)
accel_data          0x3               obj/default/hello_world.o

Memory Configuration

Name             Origin             Length             Attributes
reset            0x0000000000800000 0x0000000000000020
SDRAM_Controller 0x0000000000800020 0x00000000007fffe0
*default*        0x0000000000000000 0xffffffffffffffff

Linker script and memory map

LOAD ../C_eng_job_bsp//obj/HAL/src/crt0.o
LOAD obj/default/hello_world.o
LOAD c:/altera_lite/16.0/nios2eds/bin/gnu/h-x86_64-mingw32/bin/../lib/gcc/nios2-elf/5.2.0/../../../../../H-x86_64-mingw32/nios2-elf/lib/mno-hw-mul\libstdc++.a
LOAD c:/altera_lite/16.0/nios2eds/bin/gnu/h-x86_64-mingw32/bin/../lib/gcc/nios2-elf/5.2.0/../../../../../H-x86_64-mingw32/nios2-elf/lib/mno-hw-mul\libm.a
LOAD c:/altera_lite/16.0/nios2eds/bin/gnu/h-x86_64-mingw32/bin/../lib/gcc/nios2-elf/5.2.0/mno-hw-mul\libgcc.a
START GROUP
LOAD c:/altera_lite/16.0/nios2eds/bin/gnu/h-x86_64-mingw32/bin/../lib/gcc/nios2-elf/5.2.0/../../../../../H-x86_64-mingw32/nios2-elf/lib/mno-hw-mul\libsmallc.a
LOAD c:/altera_lite/16.0/nios2eds/bin/gnu/h-x86_64-mingw32/bin/../lib/gcc/nios2-elf/5.2.0/mno-hw-mul\libgcc.a
LOAD ../C_eng_job_bsp/\libhal_bsp.a
LOAD c:/altera_lite/16.0/nios2eds/bin/gnu/h-x86_64-mingw32/bin/../lib/gcc/nios2-elf/5.2.0/../../../../../H-x86_64-mingw32/nios2-elf/lib/mno-hw-mul\libm.a
END GROUP
LOAD c:/altera_lite/16.0/nios2eds/bin/gnu/h-x86_64-mingw32/bin/../lib/gcc/nios2-elf/5.2.0/mno-hw-mul\libgcc.a
                0x0000000000800000                __alt_mem_SDRAM_Controller = 0x800000

.entry          0x0000000000800000       0x20
 *(.entry)
 .entry         0x0000000000800000       0x20 ../C_eng_job_bsp//obj/HAL/src/crt0.o
                0x0000000000800000                __reset
                0x000000000080000c                _exit

.exceptions     0x0000000000800020      0x160
                0x0000000000800020                PROVIDE (__ram_exceptions_start, ABSOLUTE (.))
                0x0000000000800020                . = ALIGN (0x20)
 *(.irq)
 *(.exceptions.entry.label)
 .exceptions.entry.label
                0x0000000000800020        0x0 ../C_eng_job_bsp/\libhal_bsp.a(alt_irq_entry.o)
                0x0000000000800020                alt_irq_entry
 .exceptions.entry.label
                0x0000000000800020        0x0 ../C_eng_job_bsp/\libhal_bsp.a(alt_exception_entry.o)
                0x0000000000800020                alt_exception
 *(.exceptions.entry.user)
 *(.exceptions.entry.ecc_fatal)
 *(.exceptions.entry)
 .exceptions.entry
                0x0000000000800020       0x54 ../C_eng_job_bsp/\libhal_bsp.a(alt_exception_entry.o)
 *(.exceptions.irqtest.user)
 *(.exceptions.irqtest)
 .exceptions.irqtest
                0x0000000000800074       0x10 ../C_eng_job_bsp/\libhal_bsp.a(alt_irq_entry.o)
 *(.exceptions.irqhandler.user)
 *(.exceptions.irqhandler)
 .exceptions.irqhandler
                0x0000000000800084        0x4 ../C_eng_job_bsp/\libhal_bsp.a(alt_irq_entry.o)
 *(.exceptions.irqreturn.user)
 *(.exceptions.irqreturn)
 .exceptions.irqreturn
                0x0000000000800088        0x4 ../C_eng_job_bsp/\libhal_bsp.a(alt_irq_entry.o)
 *(.exceptions.notirq.label)
 .exceptions.notirq.label
                0x000000000080008c        0x0 ../C_eng_job_bsp/\libhal_bsp.a(alt_irq_entry.o)
 *(.exceptions.notirq.user)
 *(.exceptions.notirq)
 .exceptions.notirq
                0x000000000080008c        0x8 ../C_eng_job_bsp/\libhal_bsp.a(alt_exception_entry.o)
 *(.exceptions.soft.user)
 *(.exceptions.soft)
 *(.exceptions.unknown.user)
 *(.exceptions.unknown)
 .exceptions.unknown
                0x0000000000800094       0x14 ../C_eng_job_bsp/\libhal_bsp.a(alt_exception_entry.o)
 *(.exceptions.exit.label)
 .exceptions.exit.label
                0x00000000008000a8        0x0 ../C_eng_job_bsp/\libhal_bsp.a(alt_irq_entry.o)
 .exceptions.exit.label
                0x00000000008000a8        0x0 ../C_eng_job_bsp/\libhal_bsp.a(alt_exception_entry.o)
 *(.exceptions.exit.user)
 *(.exceptions.exit)
 .exceptions.exit
                0x00000000008000a8       0x54 ../C_eng_job_bsp/\libhal_bsp.a(alt_exception_entry.o)
 *(.exceptions)
 .exceptions    0x00000000008000fc       0x60 ../C_eng_job_bsp/\libhal_bsp.a(alt_irq_handler.o)
                0x00000000008000fc                alt_irq_handler
 .exceptions    0x000000000080015c       0x24 ../C_eng_job_bsp/\libhal_bsp.a(alt_instruction_exception_entry.o)
                0x000000000080015c                alt_instruction_exception_entry
                0x0000000000800180                PROVIDE (__ram_exceptions_end, ABSOLUTE (.))
                0x0000000000800020                PROVIDE (__flash_exceptions_start, LOADADDR (.exceptions))

.text           0x0000000000800180     0x2a0c
                [!provide]                        PROVIDE (stext, ABSOLUTE (.))
 *(.interp)
 *(.hash)
 *(.dynsym)
 *(.dynstr)
 *(.gnu.version)
 *(.gnu.version_d)
 *(.gnu.version_r)
 *(.rel.init)
 *(.rela.init)
 *(.rel.text .rel.text.* .rel.gnu.linkonce.t.*)
 *(.rela.text .rela.text.* .rela.gnu.linkonce.t.*)
 *(.rel.fini)
 *(.rela.fini)
 *(.rel.rodata .rel.rodata.* .rel.gnu.linkonce.r.*)
 *(.rela.rodata .rela.rodata.* .rela.gnu.linkonce.r.*)
 *(.rel.data .rel.data.* .rel.gnu.linkonce.d.*)
 *(.rela.data .rela.data.* .rela.gnu.linkonce.d.*)
 *(.rel.tdata .rel.tdata.* .rel.gnu.linkonce.td.*)
 *(.rela.tdata .rela.tdata.* .rela.gnu.linkonce.td.*)
 *(.rel.tbss .rel.tbss.* .rel.gnu.linkonce.tb.*)
 *(.rela.tbss .rela.tbss.* .rela.gnu.linkonce.tb.*)
 *(.rel.ctors)
 *(.rela.ctors)
 *(.rel.dtors)
 *(.rela.dtors)
 *(.rel.got)
 *(.rela.got)
 *(.rel.sdata .rel.sdata.* .rel.gnu.linkonce.s.*)
 *(.rela.sdata .rela.sdata.* .rela.gnu.linkonce.s.*)
 *(.rel.sbss .rel.sbss.* .rel.gnu.linkonce.sb.*)
 *(.rela.sbss .rela.sbss.* .rela.gnu.linkonce.sb.*)
 *(.rel.sdata2 .rel.sdata2.* .rel.gnu.linkonce.s2.*)
 *(.rela.sdata2 .rela.sdata2.* .rela.gnu.linkonce.s2.*)
 *(.rel.sbss2 .rel.sbss2.* .rel.gnu.linkonce.sb2.*)
 *(.rela.sbss2 .rela.sbss2.* .rela.gnu.linkonce.sb2.*)
 *(.rel.bss .rel.bss.* .rel.gnu.linkonce.b.*)
 *(.rela.bss .rela.bss.* .rela.gnu.linkonce.b.*)
 *(.rel.plt)
 *(.rela.plt)
 *(.rel.dyn)
 *(.init)
 *(.plt)
 *(.text .stub .text.* .gnu.linkonce.t.*)
 .text          0x0000000000800180       0x3c ../C_eng_job_bsp//obj/HAL/src/crt0.o
                0x0000000000800180                _start
 .text          0x00000000008001bc     0x2060 obj/default/hello_world.o
                0x00000000008001bc                main
                0x0000000000800c08                read_temp
                0x0000000000800c80                read_light
                0x0000000000800cf8                config_time_base
                0x0000000000800d2c                init_measurement
                0x0000000000800d78                draw_graph
                0x0000000000800e8c                update_graph
                0x0000000000800f18                read_accelerometerX
                0x0000000000801024                print_pix
                0x00000000008010d0                print_hline
                0x00000000008011a0                print_vline
                0x0000000000801270                print_char
                0x000000000080137c                print_str
                0x0000000000801424                print_symmetry_dots_circle
                0x000000000080157c                print_empty_circle
                0x00000000008016d0                print_circle
                0x0000000000801744                clear_screen
                0x00000000008017c8                read_pixel_ram_int
                0x000000000080182c                print_welcome_screen
                0x00000000008018d4                queue_init
                0x0000000000801928                queue_enqueue
                0x0000000000801a58                queue_dequeue
                0x0000000000801ac0                queue_print
                0x0000000000801b10                queue_print_screen
                0x0000000000801f18                i2bcd
                0x0000000000801fb4                update_time
 .text          0x000000000080221c      0x1b4 c:/altera_lite/16.0/nios2eds/bin/gnu/h-x86_64-mingw32/bin/../lib/gcc/nios2-elf/5.2.0/mno-hw-mul\libgcc.a(lib2-divmod.o)
                0x000000000080221c                __divsi3
                0x00000000008022a0                __modsi3
                0x0000000000802314                __udivsi3
                0x0000000000802378                __umodsi3
 .text          0x00000000008023d0       0x28 c:/altera_lite/16.0/nios2eds/bin/gnu/h-x86_64-mingw32/bin/../lib/gcc/nios2-elf/5.2.0/mno-hw-mul\libgcc.a(lib2-mul.o)
                0x00000000008023d0                __mulsi3
 .text          0x00000000008023f8        0x0 c:/altera_lite/16.0/nios2eds/bin/gnu/h-x86_64-mingw32/bin/../lib/gcc/nios2-elf/5.2.0/../../../../../H-x86_64-mingw32/nios2-elf/lib/mno-hw-mul\libsmallc.a(lib_a-memcpy.o)
 .text.memcpy   0x00000000008023f8       0x28 c:/altera_lite/16.0/nios2eds/bin/gnu/h-x86_64-mingw32/bin/../lib/gcc/nios2-elf/5.2.0/../../../../../H-x86_64-mingw32/nios2-elf/lib/mno-hw-mul\libsmallc.a(lib_a-memcpy.o)
                0x00000000008023f8                memcpy
 .text          0x0000000000802420        0x0 c:/altera_lite/16.0/nios2eds/bin/gnu/h-x86_64-mingw32/bin/../lib/gcc/nios2-elf/5.2.0/../../../../../H-x86_64-mingw32/nios2-elf/lib/mno-hw-mul\libsmallc.a(lib_a-memset.o)
 .text.memset   0x0000000000802420       0x20 c:/altera_lite/16.0/nios2eds/bin/gnu/h-x86_64-mingw32/bin/../lib/gcc/nios2-elf/5.2.0/../../../../../H-x86_64-mingw32/nios2-elf/lib/mno-hw-mul\libsmallc.a(lib_a-memset.o)
                0x0000000000802420                memset
 .text          0x0000000000802440        0x0 c:/altera_lite/16.0/nios2eds/bin/gnu/h-x86_64-mingw32/bin/../lib/gcc/nios2-elf/5.2.0/../../../../../H-x86_64-mingw32/nios2-elf/lib/mno-hw-mul\libsmallc.a(lib_a-strlen.o)
 .text.strlen   0x0000000000802440       0x1c c:/altera_lite/16.0/nios2eds/bin/gnu/h-x86_64-mingw32/bin/../lib/gcc/nios2-elf/5.2.0/../../../../../H-x86_64-mingw32/nios2-elf/lib/mno-hw-mul\libsmallc.a(lib_a-strlen.o)
                0x0000000000802440                strlen
 .text          0x000000000080245c       0xe0 ../C_eng_job_bsp/\libhal_bsp.a(alt_load.o)
                0x000000000080245c                alt_load
 .text          0x000000000080253c       0x2c ../C_eng_job_bsp/\libhal_bsp.a(alt_main.o)
                0x000000000080253c                alt_main
 .text          0x0000000000802568       0x34 ../C_eng_job_bsp/\libhal_bsp.a(alt_sys_init.o)
                0x0000000000802568                alt_irq_init
                0x0000000000802588                alt_sys_init
 .text          0x000000000080259c       0xe8 ../C_eng_job_bsp/\libhal_bsp.a(altera_avalon_spi.o)
                0x000000000080259c                alt_avalon_spi_command
 .text          0x0000000000802684      0x264 ../C_eng_job_bsp/\libhal_bsp.a(altera_modular_adc.o)
                0x0000000000802684                alt_adc_word_read
                0x00000000008026bc                altera_modular_adc_init
                0x0000000000802720                altera_modular_adc_open
                0x0000000000802728                adc_stop
                0x0000000000802748                adc_start
                0x0000000000802758                adc_set_mode_run_once
                0x0000000000802770                adc_set_mode_run_continuously
                0x0000000000802784                adc_recalibrate
                0x00000000008027d8                adc_interrupt_enable
                0x00000000008027ec                adc_interrupt_disable
                0x0000000000802804                adc_clear_interrupt_status
                0x0000000000802870                alt_adc_register_callback
                0x00000000008028c4                adc_interrupt_asserted
                0x00000000008028d4                adc_wait_for_interrupt
 .text          0x00000000008028e8        0x4 ../C_eng_job_bsp/\libhal_bsp.a(alt_dcache_flush_all.o)
                0x00000000008028e8                alt_dcache_flush_all
 .text          0x00000000008028ec       0x78 ../C_eng_job_bsp/\libhal_bsp.a(alt_dev_llist_insert.o)
                0x00000000008028ec                alt_dev_llist_insert
 .text          0x0000000000802964        0x0 ../C_eng_job_bsp/\libhal_bsp.a(alt_errno.o)
 .text          0x0000000000802964       0x74 ../C_eng_job_bsp/\libhal_bsp.a(alt_find_dev.o)
                0x0000000000802964                alt_find_dev
 .text          0x00000000008029d8        0x4 ../C_eng_job_bsp/\libhal_bsp.a(alt_icache_flush_all.o)
                0x00000000008029d8                alt_icache_flush_all
 .text          0x00000000008029dc       0x9c ../C_eng_job_bsp/\libhal_bsp.a(alt_iic.o)
                0x00000000008029dc                alt_ic_isr_register
                0x00000000008029e0                alt_ic_irq_enable
                0x0000000000802a20                alt_ic_irq_disable
                0x0000000000802a60                alt_ic_irq_enabled
 .text          0x0000000000802a78       0x68 ../C_eng_job_bsp/\libhal_bsp.a(alt_iic_isr_register.o)
                0x0000000000802a78                alt_iic_isr_register
 .text          0x0000000000802ae0        0x0 ../C_eng_job_bsp/\libhal_bsp.a(alt_irq_entry.o)
 .text          0x0000000000802ae0        0x0 ../C_eng_job_bsp/\libhal_bsp.a(alt_irq_handler.o)
 .text          0x0000000000802ae0        0x0 ../C_eng_job_bsp/\libhal_bsp.a(alt_irq_vars.o)
 .text          0x0000000000802ae0        0x8 ../C_eng_job_bsp/\libhal_bsp.a(altera_nios2_gen2_irq.o)
                0x0000000000802ae0                altera_nios2_gen2_irq_init
 .text          0x0000000000802ae8        0x0 ../C_eng_job_bsp/\libhal_bsp.a(alt_exception_entry.o)
 .text          0x0000000000802ae8       0x74 ../C_eng_job_bsp/\libhal_bsp.a(alt_instruction_exception_entry.o)
                0x0000000000802ae8                alt_exception_cause_generated_bad_addr
 .text          0x0000000000802b5c        0x0 c:/altera_lite/16.0/nios2eds/bin/gnu/h-x86_64-mingw32/bin/../lib/gcc/nios2-elf/5.2.0/../../../../../H-x86_64-mingw32/nios2-elf/lib/mno-hw-mul\libsmallc.a(lib_a-int_errno.o)
 .text          0x0000000000802b5c        0x0 c:/altera_lite/16.0/nios2eds/bin/gnu/h-x86_64-mingw32/bin/../lib/gcc/nios2-elf/5.2.0/../../../../../H-x86_64-mingw32/nios2-elf/lib/mno-hw-mul\libsmallc.a(lib_a-memcmp.o)
 .text.memcmp   0x0000000000802b5c       0x30 c:/altera_lite/16.0/nios2eds/bin/gnu/h-x86_64-mingw32/bin/../lib/gcc/nios2-elf/5.2.0/../../../../../H-x86_64-mingw32/nios2-elf/lib/mno-hw-mul\libsmallc.a(lib_a-memcmp.o)
                0x0000000000802b5c                memcmp
 *(.gnu.warning.*)
 *(.fini)
                [!provide]                        PROVIDE (__etext, ABSOLUTE (.))
                [!provide]                        PROVIDE (_etext, ABSOLUTE (.))
                [!provide]                        PROVIDE (etext, ABSOLUTE (.))
 *(.eh_frame_hdr)
                0x0000000000802b8c                . = ALIGN (0x4)
                [!provide]                        PROVIDE (__preinit_array_start, ABSOLUTE (.))
 *(.preinit_array)
                [!provide]                        PROVIDE (__preinit_array_end, ABSOLUTE (.))
                [!provide]                        PROVIDE (__init_array_start, ABSOLUTE (.))
 *(.init_array)
                [!provide]                        PROVIDE (__init_array_end, ABSOLUTE (.))
                [!provide]                        PROVIDE (__fini_array_start, ABSOLUTE (.))
 *(.fini_array)
                [!provide]                        PROVIDE (__fini_array_end, ABSOLUTE (.))
 *(.eh_frame)
 *(.gcc_except_table .gcc_except_table.*)
 *(.dynamic)
                [!provide]                        PROVIDE (__CTOR_LIST__, ABSOLUTE (.))
 *(.ctors)
 *(SORT(.ctors.*))
                [!provide]                        PROVIDE (__CTOR_END__, ABSOLUTE (.))
                [!provide]                        PROVIDE (__DTOR_LIST__, ABSOLUTE (.))
 *(.dtors)
 *(SORT(.dtors.*))
                [!provide]                        PROVIDE (__DTOR_END__, ABSOLUTE (.))
 *(.jcr)
                0x0000000000802b8c                . = ALIGN (0x4)

.rodata         0x0000000000802b8c       0x94
                0x0000000000802b8c                PROVIDE (__ram_rodata_start, ABSOLUTE (.))
                0x0000000000802b8c                . = ALIGN (0x4)
 *(.rodata .rodata.* .gnu.linkonce.r.*)
 .rodata        0x0000000000802b8c       0x6e obj/default/hello_world.o
 *fill*         0x0000000000802bfa        0x2 
 .rodata.str1.4
                0x0000000000802bfc       0x24 ../C_eng_job_bsp/\libhal_bsp.a(alt_sys_init.o)
                                         0x21 (size before relaxing)
 *(.rodata1)
                0x0000000000802c20                . = ALIGN (0x4)
                0x0000000000802c20                PROVIDE (__ram_rodata_end, ABSOLUTE (.))
                0x0000000000802b8c                PROVIDE (__flash_rodata_start, LOADADDR (.rodata))

.rwdata         0x0000000000802c20      0x458 load address 0x0000000000803078
                0x0000000000802c20                PROVIDE (__ram_rwdata_start, ABSOLUTE (.))
                0x0000000000802c20                . = ALIGN (0x4)
 *(.got.plt)
 *(.got)
 *(.data1)
 *(.data .data.* .gnu.linkonce.d.*)
 .data          0x0000000000802c20        0x0 ../C_eng_job_bsp//obj/HAL/src/crt0.o
 .data          0x0000000000802c20      0x400 obj/default/hello_world.o
                0x0000000000802c20                font8x8_basic
 .data          0x0000000000803020        0x0 c:/altera_lite/16.0/nios2eds/bin/gnu/h-x86_64-mingw32/bin/../lib/gcc/nios2-elf/5.2.0/mno-hw-mul\libgcc.a(lib2-divmod.o)
 .data          0x0000000000803020        0x0 c:/altera_lite/16.0/nios2eds/bin/gnu/h-x86_64-mingw32/bin/../lib/gcc/nios2-elf/5.2.0/mno-hw-mul\libgcc.a(lib2-mul.o)
 .data          0x0000000000803020        0x0 c:/altera_lite/16.0/nios2eds/bin/gnu/h-x86_64-mingw32/bin/../lib/gcc/nios2-elf/5.2.0/../../../../../H-x86_64-mingw32/nios2-elf/lib/mno-hw-mul\libsmallc.a(lib_a-memcpy.o)
 .data          0x0000000000803020        0x0 c:/altera_lite/16.0/nios2eds/bin/gnu/h-x86_64-mingw32/bin/../lib/gcc/nios2-elf/5.2.0/../../../../../H-x86_64-mingw32/nios2-elf/lib/mno-hw-mul\libsmallc.a(lib_a-memset.o)
 .data          0x0000000000803020        0x0 c:/altera_lite/16.0/nios2eds/bin/gnu/h-x86_64-mingw32/bin/../lib/gcc/nios2-elf/5.2.0/../../../../../H-x86_64-mingw32/nios2-elf/lib/mno-hw-mul\libsmallc.a(lib_a-strlen.o)
 .data          0x0000000000803020        0x0 ../C_eng_job_bsp/\libhal_bsp.a(alt_load.o)
 .data          0x0000000000803020        0x0 ../C_eng_job_bsp/\libhal_bsp.a(alt_main.o)
 .data          0x0000000000803020       0x3c ../C_eng_job_bsp/\libhal_bsp.a(alt_sys_init.o)
 .data          0x000000000080305c        0x0 ../C_eng_job_bsp/\libhal_bsp.a(altera_avalon_spi.o)
 .data          0x000000000080305c        0x0 ../C_eng_job_bsp/\libhal_bsp.a(altera_modular_adc.o)
 .data          0x000000000080305c        0x0 ../C_eng_job_bsp/\libhal_bsp.a(alt_dcache_flush_all.o)
 .data          0x000000000080305c        0x0 ../C_eng_job_bsp/\libhal_bsp.a(alt_dev_llist_insert.o)
 .data          0x000000000080305c        0x0 ../C_eng_job_bsp/\libhal_bsp.a(alt_errno.o)
 .data          0x000000000080305c        0x0 ../C_eng_job_bsp/\libhal_bsp.a(alt_find_dev.o)
 .data          0x000000000080305c        0x0 ../C_eng_job_bsp/\libhal_bsp.a(alt_icache_flush_all.o)
 .data          0x000000000080305c        0x0 ../C_eng_job_bsp/\libhal_bsp.a(alt_iic.o)
 .data          0x000000000080305c        0x0 ../C_eng_job_bsp/\libhal_bsp.a(alt_iic_isr_register.o)
 .data          0x000000000080305c        0x0 ../C_eng_job_bsp/\libhal_bsp.a(alt_irq_entry.o)
 .data          0x000000000080305c        0x0 ../C_eng_job_bsp/\libhal_bsp.a(alt_irq_handler.o)
 .data          0x000000000080305c        0x0 ../C_eng_job_bsp/\libhal_bsp.a(alt_irq_vars.o)
 .data          0x000000000080305c        0x0 ../C_eng_job_bsp/\libhal_bsp.a(altera_nios2_gen2_irq.o)
 .data          0x000000000080305c        0x0 ../C_eng_job_bsp/\libhal_bsp.a(alt_exception_entry.o)
 .data          0x000000000080305c        0x0 ../C_eng_job_bsp/\libhal_bsp.a(alt_instruction_exception_entry.o)
 .data          0x000000000080305c        0x0 c:/altera_lite/16.0/nios2eds/bin/gnu/h-x86_64-mingw32/bin/../lib/gcc/nios2-elf/5.2.0/../../../../../H-x86_64-mingw32/nios2-elf/lib/mno-hw-mul\libsmallc.a(lib_a-int_errno.o)
 .data          0x000000000080305c        0x0 c:/altera_lite/16.0/nios2eds/bin/gnu/h-x86_64-mingw32/bin/../lib/gcc/nios2-elf/5.2.0/../../../../../H-x86_64-mingw32/nios2-elf/lib/mno-hw-mul\libsmallc.a(lib_a-memcmp.o)
                0x000000000080b05c                _gp = ABSOLUTE ((. + 0x8000))
                [!provide]                        PROVIDE (gp, _gp)
 *(.rwdata .rwdata.*)
 *(.sdata .sdata.* .gnu.linkonce.s.*)
 .sdata         0x000000000080305c        0x6 obj/default/hello_world.o
                0x000000000080305c                spi_command_tx
                0x000000000080305e                spi_command_rx
 *fill*         0x0000000000803062        0x2 
 .sdata         0x0000000000803064        0x4 ../C_eng_job_bsp/\libhal_bsp.a(alt_sys_init.o)
                0x0000000000803064                jtag_uart_0
 .sdata         0x0000000000803068        0x8 ../C_eng_job_bsp/\libhal_bsp.a(altera_modular_adc.o)
                0x0000000000803068                altera_modular_adc_list
 .sdata         0x0000000000803070        0x4 ../C_eng_job_bsp/\libhal_bsp.a(alt_errno.o)
                0x0000000000803070                alt_errno
 .sdata         0x0000000000803074        0x4 ../C_eng_job_bsp/\libhal_bsp.a(alt_irq_vars.o)
                0x0000000000803074                alt_priority_mask
 *(.sdata2 .sdata2.* .gnu.linkonce.s2.*)
                0x0000000000803078                . = ALIGN (0x4)
                0x0000000000803078                _edata = ABSOLUTE (.)
                [!provide]                        PROVIDE (edata, ABSOLUTE (.))
                0x0000000000803078                PROVIDE (__ram_rwdata_end, ABSOLUTE (.))
                0x0000000000803078                PROVIDE (__flash_rwdata_start, LOADADDR (.rwdata))

.bss            0x00000000008034d0      0x130
                0x00000000008034d0                __bss_start = ABSOLUTE (.)
                [!provide]                        PROVIDE (__sbss_start, ABSOLUTE (.))
                [!provide]                        PROVIDE (___sbss_start, ABSOLUTE (.))
 *(.dynsbss)
 *(.sbss .sbss.* .gnu.linkonce.sb.*)
 .sbss          0x00000000008034d0       0x14 obj/default/hello_world.o
                0x00000000008034d0                i
                0x00000000008034d4                j
 .sbss          0x00000000008034e4        0x3 obj/default/hello_world.o
                0x00000000008034e4                accel_data
 *fill*         0x00000000008034e7        0x1 
 .sbss          0x00000000008034e8        0xc ../C_eng_job_bsp/\libhal_bsp.a(alt_main.o)
                0x00000000008034e8                alt_envp
                0x00000000008034ec                alt_argv
                0x00000000008034f0                alt_argc
 .sbss          0x00000000008034f4        0x4 ../C_eng_job_bsp/\libhal_bsp.a(alt_irq_vars.o)
                0x00000000008034f4                alt_irq_active
 .sbss          0x00000000008034f8        0x4 ../C_eng_job_bsp/\libhal_bsp.a(alt_instruction_exception_entry.o)
                0x00000000008034f8                alt_instruction_exception_handler
 .sbss          0x00000000008034fc        0x4 c:/altera_lite/16.0/nios2eds/bin/gnu/h-x86_64-mingw32/bin/../lib/gcc/nios2-elf/5.2.0/../../../../../H-x86_64-mingw32/nios2-elf/lib/mno-hw-mul\libsmallc.a(lib_a-int_errno.o)
                0x00000000008034fc                errno
 *(.sbss2 .sbss2.* .gnu.linkonce.sb2.*)
 *(.scommon)
                [!provide]                        PROVIDE (__sbss_end, ABSOLUTE (.))
                [!provide]                        PROVIDE (___sbss_end, ABSOLUTE (.))
 *(.dynbss)
 *(.bss .bss.* .gnu.linkonce.b.*)
 .bss           0x0000000000803500        0x0 ../C_eng_job_bsp//obj/HAL/src/crt0.o
 .bss           0x0000000000803500        0x0 obj/default/hello_world.o
 .bss           0x0000000000803500        0x0 c:/altera_lite/16.0/nios2eds/bin/gnu/h-x86_64-mingw32/bin/../lib/gcc/nios2-elf/5.2.0/mno-hw-mul\libgcc.a(lib2-divmod.o)
 .bss           0x0000000000803500        0x0 c:/altera_lite/16.0/nios2eds/bin/gnu/h-x86_64-mingw32/bin/../lib/gcc/nios2-elf/5.2.0/mno-hw-mul\libgcc.a(lib2-mul.o)
 .bss           0x0000000000803500        0x0 c:/altera_lite/16.0/nios2eds/bin/gnu/h-x86_64-mingw32/bin/../lib/gcc/nios2-elf/5.2.0/../../../../../H-x86_64-mingw32/nios2-elf/lib/mno-hw-mul\libsmallc.a(lib_a-memcpy.o)
 .bss           0x0000000000803500        0x0 c:/altera_lite/16.0/nios2eds/bin/gnu/h-x86_64-mingw32/bin/../lib/gcc/nios2-elf/5.2.0/../../../../../H-x86_64-mingw32/nios2-elf/lib/mno-hw-mul\libsmallc.a(lib_a-memset.o)
 .bss           0x0000000000803500        0x0 c:/altera_lite/16.0/nios2eds/bin/gnu/h-x86_64-mingw32/bin/../lib/gcc/nios2-elf/5.2.0/../../../../../H-x86_64-mingw32/nios2-elf/lib/mno-hw-mul\libsmallc.a(lib_a-strlen.o)
 .bss           0x0000000000803500        0x0 ../C_eng_job_bsp/\libhal_bsp.a(alt_load.o)
 .bss           0x0000000000803500        0x0 ../C_eng_job_bsp/\libhal_bsp.a(alt_main.o)
 .bss           0x0000000000803500        0x0 ../C_eng_job_bsp/\libhal_bsp.a(alt_sys_init.o)
 .bss           0x0000000000803500        0x0 ../C_eng_job_bsp/\libhal_bsp.a(altera_avalon_spi.o)
 .bss           0x0000000000803500        0x0 ../C_eng_job_bsp/\libhal_bsp.a(altera_modular_adc.o)
 .bss           0x0000000000803500        0x0 ../C_eng_job_bsp/\libhal_bsp.a(alt_dcache_flush_all.o)
 .bss           0x0000000000803500        0x0 ../C_eng_job_bsp/\libhal_bsp.a(alt_dev_llist_insert.o)
 .bss           0x0000000000803500        0x0 ../C_eng_job_bsp/\libhal_bsp.a(alt_errno.o)
 .bss           0x0000000000803500        0x0 ../C_eng_job_bsp/\libhal_bsp.a(alt_find_dev.o)
 .bss           0x0000000000803500        0x0 ../C_eng_job_bsp/\libhal_bsp.a(alt_icache_flush_all.o)
 .bss           0x0000000000803500        0x0 ../C_eng_job_bsp/\libhal_bsp.a(alt_iic.o)
 .bss           0x0000000000803500        0x0 ../C_eng_job_bsp/\libhal_bsp.a(alt_iic_isr_register.o)
 .bss           0x0000000000803500        0x0 ../C_eng_job_bsp/\libhal_bsp.a(alt_irq_entry.o)
 .bss           0x0000000000803500        0x0 ../C_eng_job_bsp/\libhal_bsp.a(alt_irq_handler.o)
 .bss           0x0000000000803500        0x0 ../C_eng_job_bsp/\libhal_bsp.a(alt_irq_vars.o)
 .bss           0x0000000000803500        0x0 ../C_eng_job_bsp/\libhal_bsp.a(altera_nios2_gen2_irq.o)
 .bss           0x0000000000803500        0x0 ../C_eng_job_bsp/\libhal_bsp.a(alt_exception_entry.o)
 .bss           0x0000000000803500        0x0 ../C_eng_job_bsp/\libhal_bsp.a(alt_instruction_exception_entry.o)
 .bss           0x0000000000803500        0x0 c:/altera_lite/16.0/nios2eds/bin/gnu/h-x86_64-mingw32/bin/../lib/gcc/nios2-elf/5.2.0/../../../../../H-x86_64-mingw32/nios2-elf/lib/mno-hw-mul\libsmallc.a(lib_a-int_errno.o)
 .bss           0x0000000000803500        0x0 c:/altera_lite/16.0/nios2eds/bin/gnu/h-x86_64-mingw32/bin/../lib/gcc/nios2-elf/5.2.0/../../../../../H-x86_64-mingw32/nios2-elf/lib/mno-hw-mul\libsmallc.a(lib_a-memcmp.o)
 *(COMMON)
 COMMON         0x0000000000803500      0x100 ../C_eng_job_bsp/\libhal_bsp.a(alt_irq_handler.o)
                0x0000000000803500                alt_irq
                0x0000000000803600                . = ALIGN (0x4)
                0x0000000000803600                __bss_end = ABSOLUTE (.)

.SDRAM_Controller
                0x0000000000803600        0x0
                [!provide]                        PROVIDE (_alt_partition_SDRAM_Controller_start, ABSOLUTE (.))
 *(.SDRAM_Controller .SDRAM_Controller. SDRAM_Controller.*)
                0x0000000000803600                . = ALIGN (0x4)
                [!provide]                        PROVIDE (_alt_partition_SDRAM_Controller_end, ABSOLUTE (.))
                0x0000000000803600                _end = ABSOLUTE (.)
                0x0000000000803600                end = ABSOLUTE (.)
                0x0000000000803600                __alt_stack_base = ABSOLUTE (.)
                [!provide]                        PROVIDE (_alt_partition_SDRAM_Controller_load_addr, LOADADDR (.SDRAM_Controller))

.stab
 *(.stab)

.stabstr
 *(.stabstr)

.stab.excl
 *(.stab.excl)

.stab.exclstr
 *(.stab.exclstr)

.stab.index
 *(.stab.index)

.stab.indexstr
 *(.stab.indexstr)

.comment        0x0000000000000000       0x23
 *(.comment)
 .comment       0x0000000000000000       0x23 obj/default/hello_world.o
                                         0x24 (size before relaxing)
 .comment       0x0000000000000023       0x24 c:/altera_lite/16.0/nios2eds/bin/gnu/h-x86_64-mingw32/bin/../lib/gcc/nios2-elf/5.2.0/mno-hw-mul\libgcc.a(lib2-divmod.o)
 .comment       0x0000000000000023       0x24 c:/altera_lite/16.0/nios2eds/bin/gnu/h-x86_64-mingw32/bin/../lib/gcc/nios2-elf/5.2.0/mno-hw-mul\libgcc.a(lib2-mul.o)
 .comment       0x0000000000000023       0x24 c:/altera_lite/16.0/nios2eds/bin/gnu/h-x86_64-mingw32/bin/../lib/gcc/nios2-elf/5.2.0/../../../../../H-x86_64-mingw32/nios2-elf/lib/mno-hw-mul\libsmallc.a(lib_a-memcpy.o)
 .comment       0x0000000000000023       0x24 c:/altera_lite/16.0/nios2eds/bin/gnu/h-x86_64-mingw32/bin/../lib/gcc/nios2-elf/5.2.0/../../../../../H-x86_64-mingw32/nios2-elf/lib/mno-hw-mul\libsmallc.a(lib_a-memset.o)
 .comment       0x0000000000000023       0x24 c:/altera_lite/16.0/nios2eds/bin/gnu/h-x86_64-mingw32/bin/../lib/gcc/nios2-elf/5.2.0/../../../../../H-x86_64-mingw32/nios2-elf/lib/mno-hw-mul\libsmallc.a(lib_a-strlen.o)
 .comment       0x0000000000000023       0x24 ../C_eng_job_bsp/\libhal_bsp.a(alt_load.o)
 .comment       0x0000000000000023       0x24 ../C_eng_job_bsp/\libhal_bsp.a(alt_main.o)
 .comment       0x0000000000000023       0x24 ../C_eng_job_bsp/\libhal_bsp.a(alt_sys_init.o)
 .comment       0x0000000000000023       0x24 ../C_eng_job_bsp/\libhal_bsp.a(altera_avalon_spi.o)
 .comment       0x0000000000000023       0x24 ../C_eng_job_bsp/\libhal_bsp.a(altera_modular_adc.o)
 .comment       0x0000000000000023       0x24 ../C_eng_job_bsp/\libhal_bsp.a(alt_dcache_flush_all.o)
 .comment       0x0000000000000023       0x24 ../C_eng_job_bsp/\libhal_bsp.a(alt_dev_llist_insert.o)
 .comment       0x0000000000000023       0x24 ../C_eng_job_bsp/\libhal_bsp.a(alt_errno.o)
 .comment       0x0000000000000023       0x24 ../C_eng_job_bsp/\libhal_bsp.a(alt_find_dev.o)
 .comment       0x0000000000000023       0x24 ../C_eng_job_bsp/\libhal_bsp.a(alt_icache_flush_all.o)
 .comment       0x0000000000000023       0x24 ../C_eng_job_bsp/\libhal_bsp.a(alt_iic.o)
 .comment       0x0000000000000023       0x24 ../C_eng_job_bsp/\libhal_bsp.a(alt_iic_isr_register.o)
 .comment       0x0000000000000023       0x24 ../C_eng_job_bsp/\libhal_bsp.a(alt_irq_handler.o)
 .comment       0x0000000000000023       0x24 ../C_eng_job_bsp/\libhal_bsp.a(alt_irq_vars.o)
 .comment       0x0000000000000023       0x24 ../C_eng_job_bsp/\libhal_bsp.a(altera_nios2_gen2_irq.o)
 .comment       0x0000000000000023       0x24 ../C_eng_job_bsp/\libhal_bsp.a(alt_instruction_exception_entry.o)
 .comment       0x0000000000000023       0x24 c:/altera_lite/16.0/nios2eds/bin/gnu/h-x86_64-mingw32/bin/../lib/gcc/nios2-elf/5.2.0/../../../../../H-x86_64-mingw32/nios2-elf/lib/mno-hw-mul\libsmallc.a(lib_a-int_errno.o)
 .comment       0x0000000000000023       0x24 c:/altera_lite/16.0/nios2eds/bin/gnu/h-x86_64-mingw32/bin/../lib/gcc/nios2-elf/5.2.0/../../../../../H-x86_64-mingw32/nios2-elf/lib/mno-hw-mul\libsmallc.a(lib_a-memcmp.o)

.debug
 *(.debug)

.line
 *(.line)

.debug_srcinfo
 *(.debug_srcinfo)

.debug_sfnames
 *(.debug_sfnames)

.debug_aranges  0x0000000000000000      0x188
 *(.debug_aranges)
 .debug_aranges
                0x0000000000000000       0x28 ../C_eng_job_bsp//obj/HAL/src/crt0.o
 .debug_aranges
                0x0000000000000028       0x20 obj/default/hello_world.o
 .debug_aranges
                0x0000000000000048       0x20 c:/altera_lite/16.0/nios2eds/bin/gnu/h-x86_64-mingw32/bin/../lib/gcc/nios2-elf/5.2.0/mno-hw-mul\libgcc.a(lib2-divmod.o)
 .debug_aranges
                0x0000000000000068       0x20 c:/altera_lite/16.0/nios2eds/bin/gnu/h-x86_64-mingw32/bin/../lib/gcc/nios2-elf/5.2.0/mno-hw-mul\libgcc.a(lib2-mul.o)
 .debug_aranges
                0x0000000000000088       0x20 c:/altera_lite/16.0/nios2eds/bin/gnu/h-x86_64-mingw32/bin/../lib/gcc/nios2-elf/5.2.0/../../../../../H-x86_64-mingw32/nios2-elf/lib/mno-hw-mul\libsmallc.a(lib_a-memcpy.o)
 .debug_aranges
                0x00000000000000a8       0x20 c:/altera_lite/16.0/nios2eds/bin/gnu/h-x86_64-mingw32/bin/../lib/gcc/nios2-elf/5.2.0/../../../../../H-x86_64-mingw32/nios2-elf/lib/mno-hw-mul\libsmallc.a(lib_a-memset.o)
 .debug_aranges
                0x00000000000000c8       0x20 c:/altera_lite/16.0/nios2eds/bin/gnu/h-x86_64-mingw32/bin/../lib/gcc/nios2-elf/5.2.0/../../../../../H-x86_64-mingw32/nios2-elf/lib/mno-hw-mul\libsmallc.a(lib_a-strlen.o)
 .debug_aranges
                0x00000000000000e8       0x30 ../C_eng_job_bsp/\libhal_bsp.a(alt_irq_entry.o)
 .debug_aranges
                0x0000000000000118       0x38 ../C_eng_job_bsp/\libhal_bsp.a(alt_exception_entry.o)
 .debug_aranges
                0x0000000000000150       0x18 c:/altera_lite/16.0/nios2eds/bin/gnu/h-x86_64-mingw32/bin/../lib/gcc/nios2-elf/5.2.0/../../../../../H-x86_64-mingw32/nios2-elf/lib/mno-hw-mul\libsmallc.a(lib_a-int_errno.o)
 .debug_aranges
                0x0000000000000168       0x20 c:/altera_lite/16.0/nios2eds/bin/gnu/h-x86_64-mingw32/bin/../lib/gcc/nios2-elf/5.2.0/../../../../../H-x86_64-mingw32/nios2-elf/lib/mno-hw-mul\libsmallc.a(lib_a-memcmp.o)

.debug_pubnames
 *(.debug_pubnames)

.debug_info     0x0000000000000000     0x175e
 *(.debug_info .gnu.linkonce.wi.*)
 .debug_info    0x0000000000000000       0xc7 ../C_eng_job_bsp//obj/HAL/src/crt0.o
 .debug_info    0x00000000000000c7      0xd3e obj/default/hello_world.o
 .debug_info    0x0000000000000e05      0x2c3 c:/altera_lite/16.0/nios2eds/bin/gnu/h-x86_64-mingw32/bin/../lib/gcc/nios2-elf/5.2.0/mno-hw-mul\libgcc.a(lib2-divmod.o)
 .debug_info    0x00000000000010c8       0xb4 c:/altera_lite/16.0/nios2eds/bin/gnu/h-x86_64-mingw32/bin/../lib/gcc/nios2-elf/5.2.0/mno-hw-mul\libgcc.a(lib2-mul.o)
 .debug_info    0x000000000000117c      0x119 c:/altera_lite/16.0/nios2eds/bin/gnu/h-x86_64-mingw32/bin/../lib/gcc/nios2-elf/5.2.0/../../../../../H-x86_64-mingw32/nios2-elf/lib/mno-hw-mul\libsmallc.a(lib_a-memcpy.o)
 .debug_info    0x0000000000001295       0xdc c:/altera_lite/16.0/nios2eds/bin/gnu/h-x86_64-mingw32/bin/../lib/gcc/nios2-elf/5.2.0/../../../../../H-x86_64-mingw32/nios2-elf/lib/mno-hw-mul\libsmallc.a(lib_a-memset.o)
 .debug_info    0x0000000000001371       0xc9 c:/altera_lite/16.0/nios2eds/bin/gnu/h-x86_64-mingw32/bin/../lib/gcc/nios2-elf/5.2.0/../../../../../H-x86_64-mingw32/nios2-elf/lib/mno-hw-mul\libsmallc.a(lib_a-strlen.o)
 .debug_info    0x000000000000143a       0xd0 ../C_eng_job_bsp/\libhal_bsp.a(alt_irq_entry.o)
 .debug_info    0x000000000000150a       0xd6 ../C_eng_job_bsp/\libhal_bsp.a(alt_exception_entry.o)
 .debug_info    0x00000000000015e0       0x8a c:/altera_lite/16.0/nios2eds/bin/gnu/h-x86_64-mingw32/bin/../lib/gcc/nios2-elf/5.2.0/../../../../../H-x86_64-mingw32/nios2-elf/lib/mno-hw-mul\libsmallc.a(lib_a-int_errno.o)
 .debug_info    0x000000000000166a       0xf4 c:/altera_lite/16.0/nios2eds/bin/gnu/h-x86_64-mingw32/bin/../lib/gcc/nios2-elf/5.2.0/../../../../../H-x86_64-mingw32/nios2-elf/lib/mno-hw-mul\libsmallc.a(lib_a-memcmp.o)

.debug_abbrev   0x0000000000000000      0x608
 *(.debug_abbrev)
 .debug_abbrev  0x0000000000000000       0x12 ../C_eng_job_bsp//obj/HAL/src/crt0.o
 .debug_abbrev  0x0000000000000012      0x1f6 obj/default/hello_world.o
 .debug_abbrev  0x0000000000000208      0x10e c:/altera_lite/16.0/nios2eds/bin/gnu/h-x86_64-mingw32/bin/../lib/gcc/nios2-elf/5.2.0/mno-hw-mul\libgcc.a(lib2-divmod.o)
 .debug_abbrev  0x0000000000000316       0x6f c:/altera_lite/16.0/nios2eds/bin/gnu/h-x86_64-mingw32/bin/../lib/gcc/nios2-elf/5.2.0/mno-hw-mul\libgcc.a(lib2-mul.o)
 .debug_abbrev  0x0000000000000385       0x9c c:/altera_lite/16.0/nios2eds/bin/gnu/h-x86_64-mingw32/bin/../lib/gcc/nios2-elf/5.2.0/../../../../../H-x86_64-mingw32/nios2-elf/lib/mno-hw-mul\libsmallc.a(lib_a-memcpy.o)
 .debug_abbrev  0x0000000000000421       0x8e c:/altera_lite/16.0/nios2eds/bin/gnu/h-x86_64-mingw32/bin/../lib/gcc/nios2-elf/5.2.0/../../../../../H-x86_64-mingw32/nios2-elf/lib/mno-hw-mul\libsmallc.a(lib_a-memset.o)
 .debug_abbrev  0x00000000000004af       0x7f c:/altera_lite/16.0/nios2eds/bin/gnu/h-x86_64-mingw32/bin/../lib/gcc/nios2-elf/5.2.0/../../../../../H-x86_64-mingw32/nios2-elf/lib/mno-hw-mul\libsmallc.a(lib_a-strlen.o)
 .debug_abbrev  0x000000000000052e       0x12 ../C_eng_job_bsp/\libhal_bsp.a(alt_irq_entry.o)
 .debug_abbrev  0x0000000000000540       0x12 ../C_eng_job_bsp/\libhal_bsp.a(alt_exception_entry.o)
 .debug_abbrev  0x0000000000000552       0x37 c:/altera_lite/16.0/nios2eds/bin/gnu/h-x86_64-mingw32/bin/../lib/gcc/nios2-elf/5.2.0/../../../../../H-x86_64-mingw32/nios2-elf/lib/mno-hw-mul\libsmallc.a(lib_a-int_errno.o)
 .debug_abbrev  0x0000000000000589       0x7f c:/altera_lite/16.0/nios2eds/bin/gnu/h-x86_64-mingw32/bin/../lib/gcc/nios2-elf/5.2.0/../../../../../H-x86_64-mingw32/nios2-elf/lib/mno-hw-mul\libsmallc.a(lib_a-memcmp.o)

.debug_line     0x0000000000000000      0xd4f
 *(.debug_line)
 .debug_line    0x0000000000000000       0x66 ../C_eng_job_bsp//obj/HAL/src/crt0.o
 .debug_line    0x0000000000000066      0x470 obj/default/hello_world.o
 .debug_line    0x00000000000004d6      0x105 c:/altera_lite/16.0/nios2eds/bin/gnu/h-x86_64-mingw32/bin/../lib/gcc/nios2-elf/5.2.0/mno-hw-mul\libgcc.a(lib2-divmod.o)
 .debug_line    0x00000000000005db       0x80 c:/altera_lite/16.0/nios2eds/bin/gnu/h-x86_64-mingw32/bin/../lib/gcc/nios2-elf/5.2.0/mno-hw-mul\libgcc.a(lib2-mul.o)
 .debug_line    0x000000000000065b      0x15e c:/altera_lite/16.0/nios2eds/bin/gnu/h-x86_64-mingw32/bin/../lib/gcc/nios2-elf/5.2.0/../../../../../H-x86_64-mingw32/nios2-elf/lib/mno-hw-mul\libsmallc.a(lib_a-memcpy.o)
 .debug_line    0x00000000000007b9      0x15d c:/altera_lite/16.0/nios2eds/bin/gnu/h-x86_64-mingw32/bin/../lib/gcc/nios2-elf/5.2.0/../../../../../H-x86_64-mingw32/nios2-elf/lib/mno-hw-mul\libsmallc.a(lib_a-memset.o)
 .debug_line    0x0000000000000916      0x15c c:/altera_lite/16.0/nios2eds/bin/gnu/h-x86_64-mingw32/bin/../lib/gcc/nios2-elf/5.2.0/../../../../../H-x86_64-mingw32/nios2-elf/lib/mno-hw-mul\libsmallc.a(lib_a-strlen.o)
 .debug_line    0x0000000000000a72       0x6b ../C_eng_job_bsp/\libhal_bsp.a(alt_irq_entry.o)
 .debug_line    0x0000000000000add       0xb3 ../C_eng_job_bsp/\libhal_bsp.a(alt_exception_entry.o)
 .debug_line    0x0000000000000b90       0x5f c:/altera_lite/16.0/nios2eds/bin/gnu/h-x86_64-mingw32/bin/../lib/gcc/nios2-elf/5.2.0/../../../../../H-x86_64-mingw32/nios2-elf/lib/mno-hw-mul\libsmallc.a(lib_a-int_errno.o)
 .debug_line    0x0000000000000bef      0x160 c:/altera_lite/16.0/nios2eds/bin/gnu/h-x86_64-mingw32/bin/../lib/gcc/nios2-elf/5.2.0/../../../../../H-x86_64-mingw32/nios2-elf/lib/mno-hw-mul\libsmallc.a(lib_a-memcmp.o)

.debug_frame    0x0000000000000000      0x4fc
 *(.debug_frame)
 .debug_frame   0x0000000000000000      0x40c obj/default/hello_world.o
 .debug_frame   0x000000000000040c       0x50 c:/altera_lite/16.0/nios2eds/bin/gnu/h-x86_64-mingw32/bin/../lib/gcc/nios2-elf/5.2.0/mno-hw-mul\libgcc.a(lib2-divmod.o)
 .debug_frame   0x000000000000045c       0x20 c:/altera_lite/16.0/nios2eds/bin/gnu/h-x86_64-mingw32/bin/../lib/gcc/nios2-elf/5.2.0/mno-hw-mul\libgcc.a(lib2-mul.o)
 .debug_frame   0x000000000000047c       0x20 c:/altera_lite/16.0/nios2eds/bin/gnu/h-x86_64-mingw32/bin/../lib/gcc/nios2-elf/5.2.0/../../../../../H-x86_64-mingw32/nios2-elf/lib/mno-hw-mul\libsmallc.a(lib_a-memcpy.o)
 .debug_frame   0x000000000000049c       0x20 c:/altera_lite/16.0/nios2eds/bin/gnu/h-x86_64-mingw32/bin/../lib/gcc/nios2-elf/5.2.0/../../../../../H-x86_64-mingw32/nios2-elf/lib/mno-hw-mul\libsmallc.a(lib_a-memset.o)
 .debug_frame   0x00000000000004bc       0x20 c:/altera_lite/16.0/nios2eds/bin/gnu/h-x86_64-mingw32/bin/../lib/gcc/nios2-elf/5.2.0/../../../../../H-x86_64-mingw32/nios2-elf/lib/mno-hw-mul\libsmallc.a(lib_a-strlen.o)
 .debug_frame   0x00000000000004dc       0x20 c:/altera_lite/16.0/nios2eds/bin/gnu/h-x86_64-mingw32/bin/../lib/gcc/nios2-elf/5.2.0/../../../../../H-x86_64-mingw32/nios2-elf/lib/mno-hw-mul\libsmallc.a(lib_a-memcmp.o)

.debug_str      0x0000000000000000      0x9a8
 *(.debug_str)
 .debug_str     0x0000000000000000      0x4e7 obj/default/hello_world.o
                                        0x555 (size before relaxing)
 .debug_str     0x00000000000004e7      0x187 c:/altera_lite/16.0/nios2eds/bin/gnu/h-x86_64-mingw32/bin/../lib/gcc/nios2-elf/5.2.0/mno-hw-mul\libgcc.a(lib2-divmod.o)
                                        0x1d2 (size before relaxing)
 .debug_str     0x000000000000066e       0x40 c:/altera_lite/16.0/nios2eds/bin/gnu/h-x86_64-mingw32/bin/../lib/gcc/nios2-elf/5.2.0/mno-hw-mul\libgcc.a(lib2-mul.o)
                                        0x193 (size before relaxing)
 .debug_str     0x00000000000006ae      0x155 c:/altera_lite/16.0/nios2eds/bin/gnu/h-x86_64-mingw32/bin/../lib/gcc/nios2-elf/5.2.0/../../../../../H-x86_64-mingw32/nios2-elf/lib/mno-hw-mul\libsmallc.a(lib_a-memcpy.o)
                                        0x1f3 (size before relaxing)
 .debug_str     0x0000000000000803       0x44 c:/altera_lite/16.0/nios2eds/bin/gnu/h-x86_64-mingw32/bin/../lib/gcc/nios2-elf/5.2.0/../../../../../H-x86_64-mingw32/nios2-elf/lib/mno-hw-mul\libsmallc.a(lib_a-memset.o)
                                        0x1df (size before relaxing)
 .debug_str     0x0000000000000847       0x44 c:/altera_lite/16.0/nios2eds/bin/gnu/h-x86_64-mingw32/bin/../lib/gcc/nios2-elf/5.2.0/../../../../../H-x86_64-mingw32/nios2-elf/lib/mno-hw-mul\libsmallc.a(lib_a-strlen.o)
                                        0x1e5 (size before relaxing)
 .debug_str     0x000000000000088b       0xd9 c:/altera_lite/16.0/nios2eds/bin/gnu/h-x86_64-mingw32/bin/../lib/gcc/nios2-elf/5.2.0/../../../../../H-x86_64-mingw32/nios2-elf/lib/mno-hw-mul\libsmallc.a(lib_a-int_errno.o)
                                        0x1d8 (size before relaxing)
 .debug_str     0x0000000000000964       0x44 c:/altera_lite/16.0/nios2eds/bin/gnu/h-x86_64-mingw32/bin/../lib/gcc/nios2-elf/5.2.0/../../../../../H-x86_64-mingw32/nios2-elf/lib/mno-hw-mul\libsmallc.a(lib_a-memcmp.o)
                                        0x1df (size before relaxing)

.debug_loc      0x0000000000000000      0x7cd
 *(.debug_loc)
 .debug_loc     0x0000000000000000      0x4ae c:/altera_lite/16.0/nios2eds/bin/gnu/h-x86_64-mingw32/bin/../lib/gcc/nios2-elf/5.2.0/mno-hw-mul\libgcc.a(lib2-divmod.o)
 .debug_loc     0x00000000000004ae       0x93 c:/altera_lite/16.0/nios2eds/bin/gnu/h-x86_64-mingw32/bin/../lib/gcc/nios2-elf/5.2.0/mno-hw-mul\libgcc.a(lib2-mul.o)
 .debug_loc     0x0000000000000541      0x135 c:/altera_lite/16.0/nios2eds/bin/gnu/h-x86_64-mingw32/bin/../lib/gcc/nios2-elf/5.2.0/../../../../../H-x86_64-mingw32/nios2-elf/lib/mno-hw-mul\libsmallc.a(lib_a-memcpy.o)
 .debug_loc     0x0000000000000676       0xa5 c:/altera_lite/16.0/nios2eds/bin/gnu/h-x86_64-mingw32/bin/../lib/gcc/nios2-elf/5.2.0/../../../../../H-x86_64-mingw32/nios2-elf/lib/mno-hw-mul\libsmallc.a(lib_a-memset.o)
 .debug_loc     0x000000000000071b       0x1e c:/altera_lite/16.0/nios2eds/bin/gnu/h-x86_64-mingw32/bin/../lib/gcc/nios2-elf/5.2.0/../../../../../H-x86_64-mingw32/nios2-elf/lib/mno-hw-mul\libsmallc.a(lib_a-strlen.o)
 .debug_loc     0x0000000000000739       0x94 c:/altera_lite/16.0/nios2eds/bin/gnu/h-x86_64-mingw32/bin/../lib/gcc/nios2-elf/5.2.0/../../../../../H-x86_64-mingw32/nios2-elf/lib/mno-hw-mul\libsmallc.a(lib_a-memcmp.o)

.debug_macinfo
 *(.debug_macinfo)

.debug_weaknames
 *(.debug_weaknames)

.debug_funcnames
 *(.debug_funcnames)

.debug_typenames
 *(.debug_typenames)

.debug_varnames
 *(.debug_varnames)

.debug_alt_sim_info
                0x0000000000000000       0x10
 *(.debug_alt_sim_info)
 .debug_alt_sim_info
                0x0000000000000000       0x10 ../C_eng_job_bsp//obj/HAL/src/crt0.o
                0x0000000001000000                __alt_data_end = 0x1000000
                0x0000000001000000                PROVIDE (__alt_stack_pointer, __alt_data_end)
                [!provide]                        PROVIDE (__alt_stack_limit, __alt_stack_base)
                [!provide]                        PROVIDE (__alt_heap_start, end)
                [!provide]                        PROVIDE (__alt_heap_limit, 0x1000000)
OUTPUT(C_eng_job.elf elf32-littlenios2)

.debug_ranges   0x0000000000000000      0x118
 .debug_ranges  0x0000000000000000       0x20 ../C_eng_job_bsp//obj/HAL/src/crt0.o
 .debug_ranges  0x0000000000000020       0x60 c:/altera_lite/16.0/nios2eds/bin/gnu/h-x86_64-mingw32/bin/../lib/gcc/nios2-elf/5.2.0/mno-hw-mul\libgcc.a(lib2-divmod.o)
 .debug_ranges  0x0000000000000080       0x10 c:/altera_lite/16.0/nios2eds/bin/gnu/h-x86_64-mingw32/bin/../lib/gcc/nios2-elf/5.2.0/../../../../../H-x86_64-mingw32/nios2-elf/lib/mno-hw-mul\libsmallc.a(lib_a-memcpy.o)
 .debug_ranges  0x0000000000000090       0x10 c:/altera_lite/16.0/nios2eds/bin/gnu/h-x86_64-mingw32/bin/../lib/gcc/nios2-elf/5.2.0/../../../../../H-x86_64-mingw32/nios2-elf/lib/mno-hw-mul\libsmallc.a(lib_a-memset.o)
 .debug_ranges  0x00000000000000a0       0x10 c:/altera_lite/16.0/nios2eds/bin/gnu/h-x86_64-mingw32/bin/../lib/gcc/nios2-elf/5.2.0/../../../../../H-x86_64-mingw32/nios2-elf/lib/mno-hw-mul\libsmallc.a(lib_a-strlen.o)
 .debug_ranges  0x00000000000000b0       0x28 ../C_eng_job_bsp/\libhal_bsp.a(alt_irq_entry.o)
 .debug_ranges  0x00000000000000d8       0x30 ../C_eng_job_bsp/\libhal_bsp.a(alt_exception_entry.o)
 .debug_ranges  0x0000000000000108       0x10 c:/altera_lite/16.0/nios2eds/bin/gnu/h-x86_64-mingw32/bin/../lib/gcc/nios2-elf/5.2.0/../../../../../H-x86_64-mingw32/nios2-elf/lib/mno-hw-mul\libsmallc.a(lib_a-memcmp.o)
